0000000000000000: 6865 6C6C 6F2C 2077  6F72 6C64            hello, world
