0000000000000000: 3031 3233 3435 3637  3839 4142 4344 450A  0123456789ABCDE.
0000000000000010: 3031 3233 3435 3637  3839 4142 4344 450A  0123456789ABCDE.
0000000000000020: 3031 3233 3435 3637  3839 4142 4344 450A  0123456789ABCDE.
